  Application.cpp
  Camera.cpp
  Game.cpp
C:\Program Files\Microsoft Visual Studio\2022\Community\VC\Tools\MSVC\14.44.35207\include\memory(3309,9): error C2248: 'GameObject::~GameObject': protected メンバー (クラス 'GameObject' で宣言されている) にアクセスできません。
  (ソース ファイル 'Game.cpp' をコンパイルしています)
      C:\Users\whgmt\Desktop\ModFile\ShusyokuSakuhin\dx22_plane\GameObject.h(173,1):
      コンパイラが 'GameObject::~GameObject' をここに生成しました。
      C:\Users\whgmt\Desktop\ModFile\ShusyokuSakuhin\dx22_plane\GameObject.h(16,7):
      'GameObject' の宣言を確認してください
      C:\Program Files\Microsoft Visual Studio\2022\Community\VC\Tools\MSVC\14.44.35207\include\memory(3309,9):
      テンプレートインスタンス化コンテキスト (最初に最も古いもの) は
          C:\Users\whgmt\Desktop\ModFile\ShusyokuSakuhin\dx22_plane\Game.cpp(63,27):
          コンパイル対象の クラス テンプレート インスタンス化 'std::unique_ptr<GameObject,std::default_delete<GameObject>>' のリファレンスを確認してください
          C:\Program Files\Microsoft Visual Studio\2022\Community\VC\Tools\MSVC\14.44.35207\include\memory(3352,92):
          コンパイル対象の クラス テンプレート インスタンス化 'std::default_delete<GameObject>' のリファレンスを確認してください
          C:\Program Files\Microsoft Visual Studio\2022\Community\VC\Tools\MSVC\14.44.35207\include\memory(3307,23):
          クラス テンプレート メンバー関数 'void std::default_delete<GameObject>::operator ()(_Ty *) noexcept const' のコンパイル中
          with
          [
              _Ty=GameObject
          ]
              C:\Program Files\Microsoft Visual Studio\2022\Community\VC\Tools\MSVC\14.44.35207\include\memory(3471,33):
              'std::unique_ptr<GameObject,std::default_delete<GameObject>>::reset' の 'std::default_delete<GameObject>::operator ()' への最初の参照を参照してください
              C:\Program Files\Microsoft Visual Studio\2022\Community\VC\Tools\MSVC\14.44.35207\include\memory(3414,14):
              'std::unique_ptr<GameObject,std::default_delete<GameObject>>::operator =' の 'std::unique_ptr<GameObject,std::default_delete<GameObject>>::reset' への最初の参照を参照してください
              C:\Program Files\Microsoft Visual Studio\2022\Community\VC\Tools\MSVC\14.44.35207\include\xmemory(2360,25):
              'std::remove_if' の 'std::unique_ptr<GameObject,std::default_delete<GameObject>>::operator =' への最初の参照を参照してください
  
  GameObjectManager.cpp
C:\Users\whgmt\Desktop\ModFile\ShusyokuSakuhin\dx22_plane\GameObjectManager.h(47,1): error C1075: '(': 一致するトークンが見つかりませんでした
  (ソース ファイル 'GameObjectManager.cpp' をコンパイルしています)
  
  GameObject.cpp
  Particle.cpp
  ResultScene.cpp
C:\Program Files\Microsoft Visual Studio\2022\Community\VC\Tools\MSVC\14.44.35207\include\memory(3309,9): error C2248: 'GameObject::~GameObject': protected メンバー (クラス 'GameObject' で宣言されている) にアクセスできません。
  (ソース ファイル 'ResultScene.cpp' をコンパイルしています)
      C:\Users\whgmt\Desktop\ModFile\ShusyokuSakuhin\dx22_plane\GameObject.h(173,1):
      コンパイラが 'GameObject::~GameObject' をここに生成しました。
      C:\Users\whgmt\Desktop\ModFile\ShusyokuSakuhin\dx22_plane\GameObject.h(16,7):
      'GameObject' の宣言を確認してください
      C:\Program Files\Microsoft Visual Studio\2022\Community\VC\Tools\MSVC\14.44.35207\include\memory(3309,9):
      テンプレートインスタンス化コンテキスト (最初に最も古いもの) は
          C:\Users\whgmt\Desktop\ModFile\ShusyokuSakuhin\dx22_plane\ResultScene.cpp(20,39):
          コンパイル対象の関数 テンプレート インスタンス化 'T *Game::AddObject<Texture2D>(void)' のリファレンスを確認してください
          with
          [
              T=Texture2D
          ]
          C:\Users\whgmt\Desktop\ModFile\ShusyokuSakuhin\dx22_plane\Game.h(64,25):
          コンパイル対象の関数 テンプレート インスタンス化 'std::unique_ptr<GameObject,std::default_delete<GameObject>> &std::vector<std::unique_ptr<GameObject,std::default_delete<GameObject>>,std::allocator<std::unique_ptr<GameObject,std::default_delete<GameObject>>>>::emplace_back<Texture2D*&>(Texture2D *&)' のリファレンスを確認してください
          C:\Program Files\Microsoft Visual Studio\2022\Community\VC\Tools\MSVC\14.44.35207\include\vector(924,24):
          コンパイル対象の関数 テンプレート インスタンス化 '_Ty &std::vector<_Ty,std::allocator<_Ty>>::_Emplace_one_at_back<Texture2D*&>(Texture2D *&)' のリファレンスを確認してください
          with
          [
              _Ty=std::unique_ptr<GameObject,std::default_delete<GameObject>>
          ]
          C:\Program Files\Microsoft Visual Studio\2022\Community\VC\Tools\MSVC\14.44.35207\include\vector(845,20):
          コンパイル対象の関数 テンプレート インスタンス化 '_Ty &std::vector<_Ty,std::allocator<_Ty>>::_Emplace_back_with_unused_capacity<Texture2D*&>(Texture2D *&)' のリファレンスを確認してください
          with
          [
              _Ty=std::unique_ptr<GameObject,std::default_delete<GameObject>>
          ]
          C:\Program Files\Microsoft Visual Studio\2022\Community\VC\Tools\MSVC\14.44.35207\include\vector(857,23):
          コンパイルされている変数テンプレート 'const bool conjunction_v<std::is_nothrow_constructible<std::unique_ptr<GameObject,std::default_delete<GameObject> >,Texture2D * &>,std::disjunction<std::_Is_default_allocator<std::allocator<std::unique_ptr<GameObject,std::default_delete<GameObject> > >,void>,std::_Has_no_allocator_construct<void,std::allocator<std::unique_ptr<GameObject,std::default_delete<GameObject> > >,std::unique_ptr<GameObject,std::default_delete<GameObject> > *,Texture2D * &> > >' のリファレンスをご参照ください
          C:\Program Files\Microsoft Visual Studio\2022\Community\VC\Tools\MSVC\14.44.35207\include\vector(857,23):
          コンパイル対象の クラス テンプレート インスタンス化 'std::is_nothrow_constructible<std::unique_ptr<GameObject,std::default_delete<GameObject>>,Texture2D *&>' のリファレンスを確認してください
          C:\Program Files\Microsoft Visual Studio\2022\Community\VC\Tools\MSVC\14.44.35207\include\type_traits(896,49):
          コンパイル対象の クラス テンプレート インスタンス化 'std::unique_ptr<GameObject,std::default_delete<GameObject>>' のリファレンスを確認してください
          C:\Program Files\Microsoft Visual Studio\2022\Community\VC\Tools\MSVC\14.44.35207\include\memory(3352,92):
          コンパイル対象の クラス テンプレート インスタンス化 'std::default_delete<GameObject>' のリファレンスを確認してください
          C:\Program Files\Microsoft Visual Studio\2022\Community\VC\Tools\MSVC\14.44.35207\include\memory(3307,23):
          クラス テンプレート メンバー関数 'void std::default_delete<GameObject>::operator ()(_Ty *) noexcept const' のコンパイル中
          with
          [
              _Ty=GameObject
          ]
              C:\Program Files\Microsoft Visual Studio\2022\Community\VC\Tools\MSVC\14.44.35207\include\memory(3427,33):
              'std::unique_ptr<GameObject,std::default_delete<GameObject>>::~unique_ptr' の 'std::default_delete<GameObject>::operator ()' への最初の参照を参照してください
              C:\Program Files\Microsoft Visual Studio\2022\Community\VC\Tools\MSVC\14.44.35207\include\memory(3483,1):
              'std::unique_ptr<GameObject,std::default_delete<GameObject>>::~unique_ptr' の 'std::unique_ptr<GameObject,std::default_delete<GameObject>>::~unique_ptr' への最初の参照を参照してください
  
  RigidBodyComponent.cpp
  SceneManager.cpp
C:\Users\whgmt\Desktop\ModFile\ShusyokuSakuhin\dx22_plane\GameObjectManager.h(47,1): error C1075: '(': 一致するトークンが見つかりませんでした
  (ソース ファイル 'SceneManager.cpp' をコンパイルしています)
  
  SkyBox.cpp
C:\Users\whgmt\Desktop\ModFile\ShusyokuSakuhin\dx22_plane\SkyBox.cpp(7,30): error C2614: 'SkyBox': イニシャライズ リスト内のクラス 'Object' が基底クラスでもメンバーでもありません。
  SkyDome.cpp
C:\Users\whgmt\Desktop\ModFile\ShusyokuSakuhin\dx22_plane\SkyDome.cpp(7,32): error C2614: 'SkyDome': イニシャライズ リスト内のクラス 'Object' が基底クラスでもメンバーでもありません。
  Stage1Scene.cpp
C:\Users\whgmt\Desktop\ModFile\ShusyokuSakuhin\dx22_plane\Stage1Scene.cpp(148,4): error C2065: 'soundStage': 定義されていない識別子です。
C:\Users\whgmt\Desktop\ModFile\ShusyokuSakuhin\dx22_plane\Stage1Scene.cpp(188,5): error C2065: 'soundStage': 定義されていない識別子です。
C:\Users\whgmt\Desktop\ModFile\ShusyokuSakuhin\dx22_plane\Stage1Scene.cpp(236,4): error C2065: 'soundStage': 定義されていない識別子です。
C:\Users\whgmt\Desktop\ModFile\ShusyokuSakuhin\dx22_plane\Stage1Scene.cpp(259,5): error C2065: 'soundStage': 定義されていない識別子です。
  TestBoard.cpp
C:\Users\whgmt\Desktop\ModFile\ShusyokuSakuhin\dx22_plane\TestBoard.cpp(6,36): error C2614: 'TestBoard': イニシャライズ リスト内のクラス 'Object' が基底クラスでもメンバーでもありません。
  TestCube.cpp
C:\Users\whgmt\Desktop\ModFile\ShusyokuSakuhin\dx22_plane\TestCube.cpp(7,34): error C2614: 'TestCube': イニシャライズ リスト内のクラス 'Object' が基底クラスでもメンバーでもありません。
  Test_Transparent.cpp
C:\Users\whgmt\Desktop\ModFile\ShusyokuSakuhin\dx22_plane\Test_Transparent.cpp(9,50): error C2614: 'Test_Transparent': イニシャライズ リスト内のクラス 'Object' が基底クラスでもメンバーでもありません。
  Texture2D.cpp
C:\Users\whgmt\Desktop\ModFile\ShusyokuSakuhin\dx22_plane\Texture2D.cpp(7,36): error C2614: 'Texture2D': イニシャライズ リスト内のクラス 'Object' が基底クラスでもメンバーでもありません。
  TextureManager.cpp
C:\Users\whgmt\Desktop\ModFile\ShusyokuSakuhin\dx22_plane\TextureManager.cpp(57,31): error C4996: 'std::codecvt_utf8_utf16<wchar_t,1114111,(std::codecvt_mode)0>': warning STL4017: std::wbuffer_convert, std::wstring_convert, and the <codecvt> header (containing std::codecvt_mode, std::codecvt_utf8, std::codecvt_utf16, and std::codecvt_utf8_utf16) are deprecated in C++17. (The std::codecvt class template is NOT deprecated.) The C++ Standard doesn't provide equivalent non-deprecated functionality; consider using MultiByteToWideChar() and WideCharToMultiByte() from <Windows.h> instead. You can define _SILENCE_CXX17_CODECVT_HEADER_DEPRECATION_WARNING or _SILENCE_ALL_CXX17_DEPRECATION_WARNINGS to suppress this warning.
      C:\Program Files\Microsoft Visual Studio\2022\Community\VC\Tools\MSVC\14.44.35207\include\codecvt(442,39):
      'std::codecvt_utf8_utf16' の宣言を確認してください
  
C:\Users\whgmt\Desktop\ModFile\ShusyokuSakuhin\dx22_plane\TextureManager.cpp(57,10): error C4996: 'std::wstring_convert<std::codecvt_utf8_utf16<wchar_t,1114111,(std::codecvt_mode)0>,wchar_t,std::allocator<wchar_t>,std::allocator<char>>': warning STL4017: std::wbuffer_convert, std::wstring_convert, and the <codecvt> header (containing std::codecvt_mode, std::codecvt_utf8, std::codecvt_utf16, and std::codecvt_utf8_utf16) are deprecated in C++17. (The std::codecvt class template is NOT deprecated.) The C++ Standard doesn't provide equivalent non-deprecated functionality; consider using MultiByteToWideChar() and WideCharToMultiByte() from <Windows.h> instead. You can define _SILENCE_CXX17_CODECVT_HEADER_DEPRECATION_WARNING or _SILENCE_ALL_CXX17_DEPRECATION_WARNINGS to suppress this warning.
      C:\Program Files\Microsoft Visual Studio\2022\Community\VC\Tools\MSVC\14.44.35207\include\xlocbuf(303,39):
      'std::wstring_convert' の宣言を確認してください
  
C:\Users\whgmt\Desktop\ModFile\ShusyokuSakuhin\dx22_plane\TextureManager.cpp(57,60): error C4996: 'std::wstring_convert<std::codecvt_utf8_utf16<wchar_t,1114111,(std::codecvt_mode)0>,wchar_t,std::allocator<wchar_t>,std::allocator<char>>::__autoclassinit2': warning STL4017: std::wbuffer_convert, std::wstring_convert, and the <codecvt> header (containing std::codecvt_mode, std::codecvt_utf8, std::codecvt_utf16, and std::codecvt_utf8_utf16) are deprecated in C++17. (The std::codecvt class template is NOT deprecated.) The C++ Standard doesn't provide equivalent non-deprecated functionality; consider using MultiByteToWideChar() and WideCharToMultiByte() from <Windows.h> instead. You can define _SILENCE_CXX17_CODECVT_HEADER_DEPRECATION_WARNING or _SILENCE_ALL_CXX17_DEPRECATION_WARNINGS to suppress this warning.
C:\Users\whgmt\Desktop\ModFile\ShusyokuSakuhin\dx22_plane\TextureManager.cpp(58,22): error C4996: 'std::wstring_convert<std::codecvt_utf8_utf16<wchar_t,1114111,(std::codecvt_mode)0>,wchar_t,std::allocator<wchar_t>,std::allocator<char>>::from_bytes': warning STL4017: std::wbuffer_convert, std::wstring_convert, and the <codecvt> header (containing std::codecvt_mode, std::codecvt_utf8, std::codecvt_utf16, and std::codecvt_utf8_utf16) are deprecated in C++17. (The std::codecvt class template is NOT deprecated.) The C++ Standard doesn't provide equivalent non-deprecated functionality; consider using MultiByteToWideChar() and WideCharToMultiByte() from <Windows.h> instead. You can define _SILENCE_CXX17_CODECVT_HEADER_DEPRECATION_WARNING or _SILENCE_ALL_CXX17_DEPRECATION_WARNINGS to suppress this warning.
  Billboard.cpp
C:\Users\whgmt\Desktop\ModFile\ShusyokuSakuhin\dx22_plane\Billboard.cpp(6,36): error C2614: 'Billboard': イニシャライズ リスト内のクラス 'Object' が基底クラスでもメンバーでもありません。
  TitleScene.cpp
C:\Program Files\Microsoft Visual Studio\2022\Community\VC\Tools\MSVC\14.44.35207\include\memory(3309,9): error C2248: 'GameObject::~GameObject': protected メンバー (クラス 'GameObject' で宣言されている) にアクセスできません。
  (ソース ファイル 'TitleScene.cpp' をコンパイルしています)
      C:\Users\whgmt\Desktop\ModFile\ShusyokuSakuhin\dx22_plane\GameObject.h(173,1):
      コンパイラが 'GameObject::~GameObject' をここに生成しました。
      C:\Users\whgmt\Desktop\ModFile\ShusyokuSakuhin\dx22_plane\GameObject.h(16,7):
      'GameObject' の宣言を確認してください
      C:\Program Files\Microsoft Visual Studio\2022\Community\VC\Tools\MSVC\14.44.35207\include\memory(3309,9):
      テンプレートインスタンス化コンテキスト (最初に最も古いもの) は
          C:\Users\whgmt\Desktop\ModFile\ShusyokuSakuhin\dx22_plane\TitleScene.cpp(26,40):
          コンパイル対象の関数 テンプレート インスタンス化 'T *Game::AddObject<TestCube>(void)' のリファレンスを確認してください
          with
          [
              T=TestCube
          ]
          C:\Users\whgmt\Desktop\ModFile\ShusyokuSakuhin\dx22_plane\Game.h(64,25):
          コンパイル対象の関数 テンプレート インスタンス化 'std::unique_ptr<GameObject,std::default_delete<GameObject>> &std::vector<std::unique_ptr<GameObject,std::default_delete<GameObject>>,std::allocator<std::unique_ptr<GameObject,std::default_delete<GameObject>>>>::emplace_back<TestCube*&>(TestCube *&)' のリファレンスを確認してください
          C:\Program Files\Microsoft Visual Studio\2022\Community\VC\Tools\MSVC\14.44.35207\include\vector(924,24):
          コンパイル対象の関数 テンプレート インスタンス化 '_Ty &std::vector<_Ty,std::allocator<_Ty>>::_Emplace_one_at_back<TestCube*&>(TestCube *&)' のリファレンスを確認してください
          with
          [
              _Ty=std::unique_ptr<GameObject,std::default_delete<GameObject>>
          ]
          C:\Program Files\Microsoft Visual Studio\2022\Community\VC\Tools\MSVC\14.44.35207\include\vector(845,20):
          コンパイル対象の関数 テンプレート インスタンス化 '_Ty &std::vector<_Ty,std::allocator<_Ty>>::_Emplace_back_with_unused_capacity<TestCube*&>(TestCube *&)' のリファレンスを確認してください
          with
          [
              _Ty=std::unique_ptr<GameObject,std::default_delete<GameObject>>
          ]
          C:\Program Files\Microsoft Visual Studio\2022\Community\VC\Tools\MSVC\14.44.35207\include\vector(857,23):
          コンパイルされている変数テンプレート 'const bool conjunction_v<std::is_nothrow_constructible<std::unique_ptr<GameObject,std::default_delete<GameObject> >,TestCube * &>,std::disjunction<std::_Is_default_allocator<std::allocator<std::unique_ptr<GameObject,std::default_delete<GameObject> > >,void>,std::_Has_no_allocator_construct<void,std::allocator<std::unique_ptr<GameObject,std::default_delete<GameObject> > >,std::unique_ptr<GameObject,std::default_delete<GameObject> > *,TestCube * &> > >' のリファレンスをご参照ください
          C:\Program Files\Microsoft Visual Studio\2022\Community\VC\Tools\MSVC\14.44.35207\include\vector(857,23):
          コンパイル対象の クラス テンプレート インスタンス化 'std::is_nothrow_constructible<std::unique_ptr<GameObject,std::default_delete<GameObject>>,TestCube *&>' のリファレンスを確認してください
          C:\Program Files\Microsoft Visual Studio\2022\Community\VC\Tools\MSVC\14.44.35207\include\type_traits(896,49):
          コンパイル対象の クラス テンプレート インスタンス化 'std::unique_ptr<GameObject,std::default_delete<GameObject>>' のリファレンスを確認してください
          C:\Program Files\Microsoft Visual Studio\2022\Community\VC\Tools\MSVC\14.44.35207\include\memory(3352,92):
          コンパイル対象の クラス テンプレート インスタンス化 'std::default_delete<GameObject>' のリファレンスを確認してください
          C:\Program Files\Microsoft Visual Studio\2022\Community\VC\Tools\MSVC\14.44.35207\include\memory(3307,23):
          クラス テンプレート メンバー関数 'void std::default_delete<GameObject>::operator ()(_Ty *) noexcept const' のコンパイル中
          with
          [
              _Ty=GameObject
          ]
              C:\Program Files\Microsoft Visual Studio\2022\Community\VC\Tools\MSVC\14.44.35207\include\memory(3427,33):
              'std::unique_ptr<GameObject,std::default_delete<GameObject>>::~unique_ptr' の 'std::default_delete<GameObject>::operator ()' への最初の参照を参照してください
              C:\Program Files\Microsoft Visual Studio\2022\Community\VC\Tools\MSVC\14.44.35207\include\memory(3483,1):
              'std::unique_ptr<GameObject,std::default_delete<GameObject>>::~unique_ptr' の 'std::unique_ptr<GameObject,std::default_delete<GameObject>>::~unique_ptr' への最初の参照を参照してください
  
  コードを生成中...
