c:\users\whgmt\desktop\project_main_delta\dx22_plane\x64\debug\attackonetimecomponent.obj
c:\users\whgmt\desktop\project_main_delta\dx22_plane\x64\debug\enemyactioncomponent.obj
c:\users\whgmt\desktop\project_main_delta\dx22_plane\x64\debug\mesh.obj
c:\users\whgmt\desktop\project_main_delta\dx22_plane\x64\debug\jumpcomponent.obj
c:\users\whgmt\desktop\project_main_delta\dx22_plane\x64\debug\testextrusionjudgecomponent.obj
c:\users\whgmt\desktop\project_main_delta\dx22_plane\x64\debug\imgui_widgets.obj
c:\users\whgmt\desktop\project_main_delta\dx22_plane\x64\debug\circlemesh.obj
c:\users\whgmt\desktop\project_main_delta\dx22_plane\x64\debug\doorfadecomponent.obj
c:\users\whgmt\desktop\project_main_delta\dx22_plane\x64\debug\renderblurcomponent.obj
c:\users\whgmt\desktop\project_main_delta\dx22_plane\x64\debug\renderbillboard.obj
c:\users\whgmt\desktop\project_main_delta\dx22_plane\x64\debug\trailrendercomponent.obj
c:\users\whgmt\desktop\project_main_delta\dx22_plane\x64\debug\bonecomponent.obj
c:\users\whgmt\desktop\project_main_delta\dx22_plane\x64\debug\enemyjsoncomponent.obj
c:\users\whgmt\desktop\project_main_delta\dx22_plane\x64\debug\fightercomponent.obj
c:\users\whgmt\desktop\project_main_delta\dx22_plane\x64\debug\rendermask3d.obj
c:\users\whgmt\desktop\project_main_delta\dx22_plane\x64\debug\utility.obj
c:\users\whgmt\desktop\project_main_delta\dx22_plane\x64\debug\bonepartscomponent.obj
c:\users\whgmt\desktop\project_main_delta\dx22_plane\x64\debug\enemymanagercomponent.obj
c:\users\whgmt\desktop\project_main_delta\dx22_plane\x64\debug\debugcout.obj
c:\users\whgmt\desktop\project_main_delta\dx22_plane\x64\debug\directxrender.obj
c:\users\whgmt\desktop\project_main_delta\dx22_plane\x64\debug\modelmanager.obj
c:\users\whgmt\desktop\project_main_delta\dx22_plane\x64\debug\main.obj
c:\users\whgmt\desktop\project_main_delta\dx22_plane\x64\debug\testmaskscene.obj
c:\users\whgmt\desktop\project_main_delta\dx22_plane\x64\debug\attackcomponent.obj
c:\users\whgmt\desktop\project_main_delta\dx22_plane\x64\debug\csvobjectmanagercomponent.obj
c:\users\whgmt\desktop\project_main_delta\dx22_plane\x64\debug\movecarcomponent.obj
c:\users\whgmt\desktop\project_main_delta\dx22_plane\x64\debug\render2d.obj
c:\users\whgmt\desktop\project_main_delta\dx22_plane\x64\debug\texture.obj
c:\users\whgmt\desktop\project_main_delta\dx22_plane\x64\debug\attacktimingcomponent.obj
c:\users\whgmt\desktop\project_main_delta\dx22_plane\x64\debug\enemyactionbulletcomponent.obj
c:\users\whgmt\desktop\project_main_delta\dx22_plane\x64\debug\cubemesh.obj
c:\users\whgmt\desktop\project_main_delta\dx22_plane\x64\debug\render3d.obj
c:\users\whgmt\desktop\project_main_delta\dx22_plane\x64\debug\texturemanager.obj
c:\users\whgmt\desktop\project_main_delta\dx22_plane\x64\debug\bonepartsmesh.obj
c:\users\whgmt\desktop\project_main_delta\dx22_plane\x64\debug\componenttypemanager.obj
c:\users\whgmt\desktop\project_main_delta\dx22_plane\x64\debug\helpmath.obj
c:\users\whgmt\desktop\project_main_delta\dx22_plane\x64\debug\goaroundcomponent.obj
c:\users\whgmt\desktop\project_main_delta\dx22_plane\x64\debug\stage1scene.obj
c:\users\whgmt\desktop\project_main_delta\dx22_plane\x64\debug\imgui_tables.obj
c:\users\whgmt\desktop\project_main_delta\dx22_plane\x64\debug\camera.obj
c:\users\whgmt\desktop\project_main_delta\dx22_plane\x64\debug\linemesh.obj
c:\users\whgmt\desktop\project_main_delta\dx22_plane\x64\debug\planemesh.obj
c:\users\whgmt\desktop\project_main_delta\dx22_plane\x64\debug\gameobject.obj
c:\users\whgmt\desktop\project_main_delta\dx22_plane\x64\debug\testmovecomponent.obj
c:\users\whgmt\desktop\project_main_delta\dx22_plane\x64\debug\imgui_demo.obj
c:\users\whgmt\desktop\project_main_delta\dx22_plane\x64\debug\cameramovecomponent.obj
c:\users\whgmt\desktop\project_main_delta\dx22_plane\x64\debug\hitflashcomponent.obj
c:\users\whgmt\desktop\project_main_delta\dx22_plane\x64\debug\terrainjsoncomponent.obj
c:\users\whgmt\desktop\project_main_delta\dx22_plane\x64\debug\spring.obj
c:\users\whgmt\desktop\project_main_delta\dx22_plane\x64\debug\bones.obj
c:\users\whgmt\desktop\project_main_delta\dx22_plane\x64\debug\hitstopmanager.obj
c:\users\whgmt\desktop\project_main_delta\dx22_plane\x64\debug\skydomemesh.obj
c:\users\whgmt\desktop\project_main_delta\dx22_plane\x64\debug\ray.obj
c:\users\whgmt\desktop\project_main_delta\dx22_plane\x64\debug\scene.obj
c:\users\whgmt\desktop\project_main_delta\dx22_plane\x64\debug\spheremesh.obj
c:\users\whgmt\desktop\project_main_delta\dx22_plane\x64\debug\timemanager.obj
c:\users\whgmt\desktop\project_main_delta\dx22_plane\x64\debug\imgui_impl_win32.obj
c:\users\whgmt\desktop\project_main_delta\dx22_plane\x64\debug\cameratargetcomponent.obj
c:\users\whgmt\desktop\project_main_delta\dx22_plane\x64\debug\effect2dcomponent.obj
c:\users\whgmt\desktop\project_main_delta\dx22_plane\x64\debug\playerdamagecomponent.obj
c:\users\whgmt\desktop\project_main_delta\dx22_plane\x64\debug\render3dcolliderobbcomponent.obj
c:\users\whgmt\desktop\project_main_delta\dx22_plane\x64\debug\trailmesh.obj
c:\users\whgmt\desktop\project_main_delta\dx22_plane\x64\debug\imgui_draw.obj
c:\users\whgmt\desktop\project_main_delta\dx22_plane\x64\debug\camerapointcomponent.obj
c:\users\whgmt\desktop\project_main_delta\dx22_plane\x64\debug\jsoncomponent.obj
c:\users\whgmt\desktop\project_main_delta\dx22_plane\x64\debug\enemydamagecomponent.obj
c:\users\whgmt\desktop\project_main_delta\dx22_plane\x64\debug\scenemanager.obj
c:\users\whgmt\desktop\project_main_delta\dx22_plane\x64\debug\imgui.obj
c:\users\whgmt\desktop\project_main_delta\dx22_plane\x64\debug\component.obj
c:\users\whgmt\desktop\project_main_delta\dx22_plane\x64\debug\followpositioncomponent.obj
c:\users\whgmt\desktop\project_main_delta\dx22_plane\x64\debug\renderlinecomponent.obj
c:\users\whgmt\desktop\project_main_delta\dx22_plane\x64\debug\renderoneskinanimation.obj
c:\users\whgmt\desktop\project_main_delta\dx22_plane\x64\debug\blinkinguicomponent.obj
c:\users\whgmt\desktop\project_main_delta\dx22_plane\x64\debug\highwayscene.obj
c:\users\whgmt\desktop\project_main_delta\dx22_plane\x64\debug\dx11helper.obj
c:\users\whgmt\desktop\project_main_delta\dx22_plane\x64\debug\input.obj
c:\users\whgmt\desktop\project_main_delta\dx22_plane\x64\debug\render3dcollideraabbcomponent.obj
c:\users\whgmt\desktop\project_main_delta\dx22_plane\x64\debug\titlescene.obj
c:\users\whgmt\desktop\project_main_delta\dx22_plane\x64\debug\imgui_impl_dx11.obj
c:\users\whgmt\desktop\project_main_delta\dx22_plane\x64\debug\collider.obj
c:\users\whgmt\desktop\project_main_delta\dx22_plane\x64\debug\loadstagescene.obj
c:\users\whgmt\desktop\project_main_delta\dx22_plane\x64\debug\hpbarmovecomponent.obj
c:\users\whgmt\desktop\project_main_delta\dx22_plane\x64\debug\stb_image.obj
c:\users\whgmt\desktop\project_main_delta\dx22_plane\x64\debug\shader.obj
c:\users\whgmt\desktop\project_main_delta\dx22_plane\x64\debug\testswordactioncomponent.obj
c:\users\whgmt\desktop\project_main_delta\dx22_plane\x64\debug\application.obj
c:\users\whgmt\desktop\project_main_delta\dx22_plane\x64\debug\enemyactionhoppercomponent.obj
c:\users\whgmt\desktop\project_main_delta\dx22_plane\x64\debug\stageloadcsvcomponent.obj
c:\users\whgmt\desktop\project_main_delta\dx22_plane\x64\debug\resultscene.obj
c:\users\whgmt\desktop\project_main_delta\dx22_plane\x64\debug\bulletcomponent.obj
c:\users\whgmt\desktop\project_main_delta\dx22_plane\x64\debug\enemyactionbosscomponent.obj
c:\users\whgmt\desktop\project_main_delta\dx22_plane\x64\debug\skydomerendercomponent.obj
c:\users\whgmt\desktop\project_main_delta\dx22_plane\x64\debug\rigidbodycomponent.obj
c:\users\whgmt\desktop\project_main_delta\dx22_plane\x64\debug\arbitraryrotationcomponent.obj
c:\users\whgmt\desktop\project_main_delta\dx22_plane\x64\debug\humanbonecomponent.obj
c:\users\whgmt\desktop\project_main_delta\dx22_plane\x64\debug\gameobjectmanager.obj
c:\users\whgmt\desktop\project_main_delta\dx22_plane\x64\debug\squaremesh.obj
c:\users\whgmt\desktop\project_main_delta\dx22_plane\x64\debug\transform.obj
c:\users\whgmt\desktop\project_main_delta\dx22_plane\x64\debug\assimpperse.obj
c:\users\whgmt\desktop\project_main_delta\dx22_plane\x64\debug\deathblockcomponent.obj
c:\users\whgmt\desktop\project_main_delta\dx22_plane\x64\debug\moveterraincomponent.obj
c:\users\whgmt\desktop\project_main_delta\dx22_plane\x64\debug\render.obj
c:\users\whgmt\desktop\project_main_delta\dx22_plane\x64\debug\teststagescene.obj
c:\users\whgmt\desktop\project_main_delta\dx22_plane\x64\debug\bosseventcomponent.obj
c:\users\whgmt\desktop\project_main_delta\dx22_plane\x64\debug\leaptocentercarcomponent.obj
c:\users\whgmt\desktop\project_main_delta\dx22_plane\x64\debug\terrainmanagercomponent.obj
c:\users\whgmt\desktop\project_main_delta\dx22_plane\x64\debug\sound.obj
c:\users\whgmt\desktop\project_main_delta\dx22_plane\x64\debug\staticmesh.obj
c:\users\whgmt\desktop\project_main_delta\dx22_plane\x64\debug\vc143.pdb
c:\users\whgmt\desktop\project_main_delta\x64\debug\masktextureps.cso
c:\users\whgmt\desktop\project_main_delta\x64\debug\oneskinanimationps.cso
c:\users\whgmt\desktop\project_main_delta\x64\debug\oneskinanimationvs.cso
c:\users\whgmt\desktop\project_main_delta\x64\debug\oververtexmovevs.cso
c:\users\whgmt\desktop\project_main_delta\x64\debug\animation2dvs.cso
c:\users\whgmt\desktop\project_main_delta\x64\debug\blurps.cso
c:\users\whgmt\desktop\project_main_delta\x64\debug\fighter2dps.cso
c:\users\whgmt\desktop\project_main_delta\x64\debug\linevs.cso
c:\users\whgmt\desktop\project_main_delta\x64\debug\littextureps.cso
c:\users\whgmt\desktop\project_main_delta\x64\debug\littexturevs.cso
c:\users\whgmt\desktop\project_main_delta\x64\debug\unlittextureps.cso
c:\users\whgmt\desktop\project_main_delta\x64\debug\unlittexturevs.cso
c:\users\whgmt\desktop\project_main_delta\x64\debug\unlittexturevs2d.cso
c:\users\whgmt\desktop\project_main_delta\x64\debug\unlittexturevsskydome.cso
c:\users\whgmt\desktop\project_main_delta\x64\debug\unlittexture_gs.cso
c:\users\whgmt\desktop\project_main_delta\x64\debug\dx22_plane.exe
c:\users\whgmt\desktop\project_main_delta\x64\debug\dx22_plane.pdb
c:\users\whgmt\desktop\project_main_delta\dx22_plane\x64\debug\dx22_plane.ilk
c:\users\whgmt\desktop\project_main_delta\dx22_plane\x64\debug\vc143.idb
c:\users\whgmt\desktop\project_main_delta\dx22_plane\x64\debug\dx22_plane.tlog\cl.command.1.tlog
c:\users\whgmt\desktop\project_main_delta\dx22_plane\x64\debug\dx22_plane.tlog\cl.items.tlog
c:\users\whgmt\desktop\project_main_delta\dx22_plane\x64\debug\dx22_plane.tlog\cl.read.1.tlog
c:\users\whgmt\desktop\project_main_delta\dx22_plane\x64\debug\dx22_plane.tlog\cl.write.1.tlog
c:\users\whgmt\desktop\project_main_delta\dx22_plane\x64\debug\dx22_plane.tlog\fxc.command.1.tlog
c:\users\whgmt\desktop\project_main_delta\dx22_plane\x64\debug\dx22_plane.tlog\fxc.read.1.tlog
c:\users\whgmt\desktop\project_main_delta\dx22_plane\x64\debug\dx22_plane.tlog\fxc.write.1.tlog
c:\users\whgmt\desktop\project_main_delta\dx22_plane\x64\debug\dx22_plane.tlog\link.command.1.tlog
c:\users\whgmt\desktop\project_main_delta\dx22_plane\x64\debug\dx22_plane.tlog\link.read.1.tlog
c:\users\whgmt\desktop\project_main_delta\dx22_plane\x64\debug\dx22_plane.tlog\link.secondary.1.tlog
c:\users\whgmt\desktop\project_main_delta\dx22_plane\x64\debug\dx22_plane.tlog\link.write.1.tlog
