c:\users\whgmt\desktop\project_main_delta\dx22_plane\x64\release\imgui_demo.obj
c:\users\whgmt\desktop\project_main_delta\dx22_plane\x64\release\camera.obj
c:\users\whgmt\desktop\project_main_delta\dx22_plane\x64\release\leaptocentercarcomponent.obj
c:\users\whgmt\desktop\project_main_delta\dx22_plane\x64\release\dx11helper.obj
c:\users\whgmt\desktop\project_main_delta\dx22_plane\x64\release\input.obj
c:\users\whgmt\desktop\project_main_delta\dx22_plane\x64\release\render3dcollideraabbcomponent.obj
c:\users\whgmt\desktop\project_main_delta\dx22_plane\x64\release\texture.obj
c:\users\whgmt\desktop\project_main_delta\dx22_plane\x64\release\imgui_impl_dx11.obj
c:\users\whgmt\desktop\project_main_delta\dx22_plane\x64\release\component.obj
c:\users\whgmt\desktop\project_main_delta\dx22_plane\x64\release\humanbonecomponent.obj
c:\users\whgmt\desktop\project_main_delta\dx22_plane\x64\release\cubemesh.obj
c:\users\whgmt\desktop\project_main_delta\dx22_plane\x64\release\render3d.obj
c:\users\whgmt\desktop\project_main_delta\dx22_plane\x64\release\trailrendercomponent.obj
c:\users\whgmt\desktop\project_main_delta\dx22_plane\x64\release\bosseventcomponent.obj
c:\users\whgmt\desktop\project_main_delta\dx22_plane\x64\release\hitstopmanager.obj
c:\users\whgmt\desktop\project_main_delta\dx22_plane\x64\release\renderlinecomponent.obj
c:\users\whgmt\desktop\project_main_delta\dx22_plane\x64\release\resultscene.obj
c:\users\whgmt\desktop\project_main_delta\dx22_plane\x64\release\bulletcomponent.obj
c:\users\whgmt\desktop\project_main_delta\dx22_plane\x64\release\enemyactioncomponent.obj
c:\users\whgmt\desktop\project_main_delta\dx22_plane\x64\release\moveterraincomponent.obj
c:\users\whgmt\desktop\project_main_delta\dx22_plane\x64\release\render.obj
c:\users\whgmt\desktop\project_main_delta\dx22_plane\x64\release\testmovecomponent.obj
c:\users\whgmt\desktop\project_main_delta\dx22_plane\x64\release\blinkinguicomponent.obj
c:\users\whgmt\desktop\project_main_delta\dx22_plane\x64\release\highwayscene.obj
c:\users\whgmt\desktop\project_main_delta\dx22_plane\x64\release\debugcout.obj
c:\users\whgmt\desktop\project_main_delta\dx22_plane\x64\release\directxrender.obj
c:\users\whgmt\desktop\project_main_delta\dx22_plane\x64\release\jumpcomponent.obj
c:\users\whgmt\desktop\project_main_delta\dx22_plane\x64\release\testextrusionjudgecomponent.obj
c:\users\whgmt\desktop\project_main_delta\dx22_plane\x64\release\application.obj
c:\users\whgmt\desktop\project_main_delta\dx22_plane\x64\release\followpositioncomponent.obj
c:\users\whgmt\desktop\project_main_delta\dx22_plane\x64\release\playerdamagecomponent.obj
c:\users\whgmt\desktop\project_main_delta\dx22_plane\x64\release\renderbillboard.obj
c:\users\whgmt\desktop\project_main_delta\dx22_plane\x64\release\transform.obj
c:\users\whgmt\desktop\project_main_delta\dx22_plane\x64\release\imgui_tables.obj
c:\users\whgmt\desktop\project_main_delta\dx22_plane\x64\release\cameramovecomponent.obj
c:\users\whgmt\desktop\project_main_delta\dx22_plane\x64\release\enemyactionbulletcomponent.obj
c:\users\whgmt\desktop\project_main_delta\dx22_plane\x64\release\stageloadcsvcomponent.obj
c:\users\whgmt\desktop\project_main_delta\dx22_plane\x64\release\rendermask3d.obj
c:\users\whgmt\desktop\project_main_delta\dx22_plane\x64\release\imgui_impl_win32.obj
c:\users\whgmt\desktop\project_main_delta\dx22_plane\x64\release\cameratargetcomponent.obj
c:\users\whgmt\desktop\project_main_delta\dx22_plane\x64\release\enemyactionhoppercomponent.obj
c:\users\whgmt\desktop\project_main_delta\dx22_plane\x64\release\terrainmanagercomponent.obj
c:\users\whgmt\desktop\project_main_delta\dx22_plane\x64\release\scenemanager.obj
c:\users\whgmt\desktop\project_main_delta\dx22_plane\x64\release\assimpperse.obj
c:\users\whgmt\desktop\project_main_delta\dx22_plane\x64\release\deathblockcomponent.obj
c:\users\whgmt\desktop\project_main_delta\dx22_plane\x64\release\helpmath.obj
c:\users\whgmt\desktop\project_main_delta\dx22_plane\x64\release\goaroundcomponent.obj
c:\users\whgmt\desktop\project_main_delta\dx22_plane\x64\release\spring.obj
c:\users\whgmt\desktop\project_main_delta\dx22_plane\x64\release\attackonetimecomponent.obj
c:\users\whgmt\desktop\project_main_delta\dx22_plane\x64\release\hitflashcomponent.obj
c:\users\whgmt\desktop\project_main_delta\dx22_plane\x64\release\fightercomponent.obj
c:\users\whgmt\desktop\project_main_delta\dx22_plane\x64\release\render3dcolliderobbcomponent.obj
c:\users\whgmt\desktop\project_main_delta\dx22_plane\x64\release\timemanager.obj
c:\users\whgmt\desktop\project_main_delta\dx22_plane\x64\release\bones.obj
c:\users\whgmt\desktop\project_main_delta\dx22_plane\x64\release\enemymanagercomponent.obj
c:\users\whgmt\desktop\project_main_delta\dx22_plane\x64\release\gameobjectmanager.obj
c:\users\whgmt\desktop\project_main_delta\dx22_plane\x64\release\squaremesh.obj
c:\users\whgmt\desktop\project_main_delta\dx22_plane\x64\release\texturemanager.obj
c:\users\whgmt\desktop\project_main_delta\dx22_plane\x64\release\attackcomponent.obj
c:\users\whgmt\desktop\project_main_delta\dx22_plane\x64\release\csvobjectmanagercomponent.obj
c:\users\whgmt\desktop\project_main_delta\dx22_plane\x64\release\movecarcomponent.obj
c:\users\whgmt\desktop\project_main_delta\dx22_plane\x64\release\render2d.obj
c:\users\whgmt\desktop\project_main_delta\dx22_plane\x64\release\testswordactioncomponent.obj
c:\users\whgmt\desktop\project_main_delta\dx22_plane\x64\release\arbitraryrotationcomponent.obj
c:\users\whgmt\desktop\project_main_delta\dx22_plane\x64\release\enemyjsoncomponent.obj
c:\users\whgmt\desktop\project_main_delta\dx22_plane\x64\release\skydomerendercomponent.obj
c:\users\whgmt\desktop\project_main_delta\dx22_plane\x64\release\spheremesh.obj
c:\users\whgmt\desktop\project_main_delta\dx22_plane\x64\release\titlescene.obj
c:\users\whgmt\desktop\project_main_delta\dx22_plane\x64\release\bonecomponent.obj
c:\users\whgmt\desktop\project_main_delta\dx22_plane\x64\release\enemyactionbosscomponent.obj
c:\users\whgmt\desktop\project_main_delta\dx22_plane\x64\release\terrainjsoncomponent.obj
c:\users\whgmt\desktop\project_main_delta\dx22_plane\x64\release\scene.obj
c:\users\whgmt\desktop\project_main_delta\dx22_plane\x64\release\stage1scene.obj
c:\users\whgmt\desktop\project_main_delta\dx22_plane\x64\release\bonepartsmesh.obj
c:\users\whgmt\desktop\project_main_delta\dx22_plane\x64\release\componenttypemanager.obj
c:\users\whgmt\desktop\project_main_delta\dx22_plane\x64\release\mesh.obj
c:\users\whgmt\desktop\project_main_delta\dx22_plane\x64\release\modelmanager.obj
c:\users\whgmt\desktop\project_main_delta\dx22_plane\x64\release\main.obj
c:\users\whgmt\desktop\project_main_delta\dx22_plane\x64\release\testmaskscene.obj
c:\users\whgmt\desktop\project_main_delta\dx22_plane\x64\release\attacktimingcomponent.obj
c:\users\whgmt\desktop\project_main_delta\dx22_plane\x64\release\effect2dcomponent.obj
c:\users\whgmt\desktop\project_main_delta\dx22_plane\x64\release\skydomemesh.obj
c:\users\whgmt\desktop\project_main_delta\dx22_plane\x64\release\ray.obj
c:\users\whgmt\desktop\project_main_delta\dx22_plane\x64\release\rigidbodycomponent.obj
c:\users\whgmt\desktop\project_main_delta\dx22_plane\x64\release\bonepartscomponent.obj
c:\users\whgmt\desktop\project_main_delta\dx22_plane\x64\release\jsoncomponent.obj
c:\users\whgmt\desktop\project_main_delta\dx22_plane\x64\release\enemydamagecomponent.obj
c:\users\whgmt\desktop\project_main_delta\dx22_plane\x64\release\sound.obj
c:\users\whgmt\desktop\project_main_delta\dx22_plane\x64\release\staticmesh.obj
c:\users\whgmt\desktop\project_main_delta\dx22_plane\x64\release\utility.obj
c:\users\whgmt\desktop\project_main_delta\dx22_plane\x64\release\imgui_widgets.obj
c:\users\whgmt\desktop\project_main_delta\dx22_plane\x64\release\circlemesh.obj
c:\users\whgmt\desktop\project_main_delta\dx22_plane\x64\release\doorfadecomponent.obj
c:\users\whgmt\desktop\project_main_delta\dx22_plane\x64\release\renderblurcomponent.obj
c:\users\whgmt\desktop\project_main_delta\dx22_plane\x64\release\renderoneskinanimation.obj
c:\users\whgmt\desktop\project_main_delta\dx22_plane\x64\release\imgui.obj
c:\users\whgmt\desktop\project_main_delta\dx22_plane\x64\release\collider.obj
c:\users\whgmt\desktop\project_main_delta\dx22_plane\x64\release\loadstagescene.obj
c:\users\whgmt\desktop\project_main_delta\dx22_plane\x64\release\hpbarmovecomponent.obj
c:\users\whgmt\desktop\project_main_delta\dx22_plane\x64\release\stb_image.obj
c:\users\whgmt\desktop\project_main_delta\dx22_plane\x64\release\shader.obj
c:\users\whgmt\desktop\project_main_delta\dx22_plane\x64\release\trailmesh.obj
c:\users\whgmt\desktop\project_main_delta\dx22_plane\x64\release\imgui_draw.obj
c:\users\whgmt\desktop\project_main_delta\dx22_plane\x64\release\camerapointcomponent.obj
c:\users\whgmt\desktop\project_main_delta\dx22_plane\x64\release\linemesh.obj
c:\users\whgmt\desktop\project_main_delta\dx22_plane\x64\release\planemesh.obj
c:\users\whgmt\desktop\project_main_delta\dx22_plane\x64\release\gameobject.obj
c:\users\whgmt\desktop\project_main_delta\dx22_plane\x64\release\teststagescene.obj
c:\users\whgmt\desktop\project_main_delta\dx22_plane\x64\release\vc143.pdb
c:\users\whgmt\desktop\project_main_delta\x64\release\masktextureps.cso
c:\users\whgmt\desktop\project_main_delta\x64\release\oneskinanimationps.cso
c:\users\whgmt\desktop\project_main_delta\x64\release\oneskinanimationvs.cso
c:\users\whgmt\desktop\project_main_delta\x64\release\oververtexmovevs.cso
c:\users\whgmt\desktop\project_main_delta\x64\release\animation2dvs.cso
c:\users\whgmt\desktop\project_main_delta\x64\release\blurps.cso
c:\users\whgmt\desktop\project_main_delta\x64\release\fighter2dps.cso
c:\users\whgmt\desktop\project_main_delta\x64\release\linevs.cso
c:\users\whgmt\desktop\project_main_delta\x64\release\littextureps.cso
c:\users\whgmt\desktop\project_main_delta\x64\release\littexturevs.cso
c:\users\whgmt\desktop\project_main_delta\x64\release\unlittextureps.cso
c:\users\whgmt\desktop\project_main_delta\x64\release\unlittexturevs.cso
c:\users\whgmt\desktop\project_main_delta\x64\release\unlittexturevs2d.cso
c:\users\whgmt\desktop\project_main_delta\x64\release\unlittexturevsskydome.cso
c:\users\whgmt\desktop\project_main_delta\x64\release\unlittexture_gs.cso
c:\users\whgmt\desktop\project_main_delta\x64\release\dx22_plane.exe
c:\users\whgmt\desktop\project_main_delta\x64\release\dx22_plane.pdb
c:\users\whgmt\desktop\project_main_delta\dx22_plane\x64\release\dx22_plane.ipdb
c:\users\whgmt\desktop\project_main_delta\dx22_plane\x64\release\dx22_plane.iobj
c:\users\whgmt\desktop\project_main_delta\dx22_plane\x64\release\dx22_plane.tlog\cl.18100.write.1.tlog
c:\users\whgmt\desktop\project_main_delta\dx22_plane\x64\release\dx22_plane.tlog\cl.command.1.tlog
c:\users\whgmt\desktop\project_main_delta\dx22_plane\x64\release\dx22_plane.tlog\cl.items.tlog
c:\users\whgmt\desktop\project_main_delta\dx22_plane\x64\release\dx22_plane.tlog\cl.read.1.tlog
c:\users\whgmt\desktop\project_main_delta\dx22_plane\x64\release\dx22_plane.tlog\fxc.command.1.tlog
c:\users\whgmt\desktop\project_main_delta\dx22_plane\x64\release\dx22_plane.tlog\fxc.read.1.tlog
c:\users\whgmt\desktop\project_main_delta\dx22_plane\x64\release\dx22_plane.tlog\fxc.write.1.tlog
c:\users\whgmt\desktop\project_main_delta\dx22_plane\x64\release\dx22_plane.tlog\link.command.1.tlog
c:\users\whgmt\desktop\project_main_delta\dx22_plane\x64\release\dx22_plane.tlog\link.read.1.tlog
c:\users\whgmt\desktop\project_main_delta\dx22_plane\x64\release\dx22_plane.tlog\link.secondary.1.tlog
c:\users\whgmt\desktop\project_main_delta\dx22_plane\x64\release\dx22_plane.tlog\link.write.1.tlog
